
Name: datafile

    Name: header

        Name: name
        Data: SNK - Neo Geo Pocket Parent-Clone

        Name: description
        Data: SNK - Neo Geo Pocket Parent-Clone

        Name: version
        Data: 20120228-094313

        Name: date
        Data: 20120228-094313

        Name: author
        Data: kazumi213

        Name: url
        Data: www.no-intro.org

    Name: game
      Attrib: name = [BIOS] SNK Neo Geo Pocket (Japan, Europe)

        Name: description
        Data: [BIOS] SNK Neo Geo Pocket (Japan, Europe)

        Name: release
          Attrib: name = [BIOS] SNK Neo Geo Pocket (Japan, Europe)
          Attrib: region = EUR

        Name: release
          Attrib: name = [BIOS] SNK Neo Geo Pocket (Japan, Europe)
          Attrib: region = JPN

        Name: rom
          Attrib: name = [BIOS] SNK Neo Geo Pocket (Japan, Europe).ngp
          Attrib: size = 65536
          Attrib: crc = 6232DF8D
          Attrib: md5 = D87D876C4391935C9D48EF352A3FF02D
          Attrib: sha1 = 2F6429B68446536D8B03F35D02F1E98BEB6460A0

    Name: game
      Attrib: name = Baseball Stars (Japan, Europe) (En,Ja)

        Name: description
        Data: Baseball Stars (Japan, Europe) (En,Ja)

        Name: release
          Attrib: name = Baseball Stars (Japan, Europe) (En,Ja)
          Attrib: region = EUR

        Name: release
          Attrib: name = Baseball Stars (Japan, Europe) (En,Ja)
          Attrib: region = JPN

        Name: rom
          Attrib: name = Baseball Stars (Japan, Europe) (En,Ja).ngp
          Attrib: size = 1048576
          Attrib: crc = 4781AE84
          Attrib: md5 = 9150A58F7094A48B980C1AC71B9CFAB9
          Attrib: sha1 = 8ECE00F21AE49ED4777A9C990B2782465EF95380

    Name: game
      Attrib: name = King of Fighters R-1 &amp; Melon-chan no Seichou Nikki - Pocket Fighting Series (Japan) (Demo)

        Name: description
        Data: King of Fighters R-1 &amp; Melon-chan no Seichou Nikki - Pocket Fighting Series (Japan) (Demo)

        Name: release
          Attrib: name = King of Fighters R-1 &amp; Melon-chan no Seichou Nikki - Pocket Fighting Series (Japan) (Demo)
          Attrib: region = JPN

        Name: rom
          Attrib: name = King of Fighters R-1 &amp; Melon-chan no Seichou Nikki - Pocket Fighting Series (Japan) (Demo).ngp
          Attrib: size = 2097152
          Attrib: crc = 2660BFC4
          Attrib: md5 = 8B5500BDF12D0D26F84D6E2D6D8E5008
          Attrib: sha1 = A02D1B1113DBEAC895832F1501029E40D9AAB493

    Name: game
      Attrib: name = King of Fighters R-1 - Pocket Fighting Series (Japan, Europe) (En,Ja)

        Name: description
        Data: King of Fighters R-1 - Pocket Fighting Series (Japan, Europe) (En,Ja)

        Name: release
          Attrib: name = King of Fighters R-1 - Pocket Fighting Series (Japan, Europe) (En,Ja)
          Attrib: region = EUR

        Name: release
          Attrib: name = King of Fighters R-1 - Pocket Fighting Series (Japan, Europe) (En,Ja)
          Attrib: region = JPN

        Name: rom
          Attrib: name = King of Fighters R-1 - Pocket Fighting Series (Japan, Europe) (En,Ja).ngp
          Attrib: size = 2097152
          Attrib: crc = DCEB7E11
          Attrib: md5 = 347D0EF33C889CC826D214CAF8475AE0
          Attrib: sha1 = 4A7ADBCCCB05B6047A38BB861523CBAE7D956BFA

    Name: game
      Attrib: name = Melon-chan no Seichou Nikki (Japan)

        Name: description
        Data: Melon-chan no Seichou Nikki (Japan)

        Name: release
          Attrib: name = Melon-chan no Seichou Nikki (Japan)
          Attrib: region = JPN

        Name: rom
          Attrib: name = Melon-chan no Seichou Nikki (Japan).ngp
          Attrib: size = 1048576
          Attrib: crc = CB42CFA4
          Attrib: md5 = 104101B61276FFF91574A50B6D5F38BC
          Attrib: sha1 = 2DBF9C40AB0167FF172F10354D4674E5E6C901D5

    Name: game
      Attrib: name = Neo Cherry Master - Real Casino Series (Japan, Europe) (En,Ja)

        Name: description
        Data: Neo Cherry Master - Real Casino Series (Japan, Europe) (En,Ja)

        Name: release
         